// Jest Snapshot v1, https://goo.gl/fbAQLP

exports[`App component renders App 1`] = `
<DocumentFragment>
  <label
    for="COLOR_CHANGE"
  >
    color: 
  </label>
  <input
    id="COLOR_CHANGE"
    type="color"
    value="red"
  />
  <div
    data-testid="color-box"
    style="background-color: red; width: 10rem; height: 10rem;"
  />
</DocumentFragment>
`;
