// Jest Snapshot v1, https://goo.gl/fbAQLP

exports[`App component renders App 1`] = `
<DocumentFragment>
  <button>
    undo
  </button>
  <button>
    redo
  </button>
  <label
    for="color-picker"
  >
    color: 
  </label>
  <input
    id="color-picker"
    type="color"
    value="#FF0000"
  />
  <div
    style="background-color: rgb(255, 0, 0); width: 10rem; height: 10rem;"
  />
</DocumentFragment>
`;
